// Vitest Snapshot v1, https://vitest.dev/guide/snapshot.html

exports[`Parse URL Macro 1`] = `
{
  "blocks": [
    {
      "content": [
        {
          "attributes": [
            "ExampleWebsite",
          ],
          "scheme": "https",
          "type": "UrlMacro",
          "url": "[semantics wrapper for AsciiDoc]://example.com",
        },
      ],
      "type": "Paragraph",
    },
  ],
  "type": "Document",
}
`;

exports[`Sequential InlineElements 1`] = `
{
  "blocks": [
    {
      "content": [
        {
          "content": "This paragraph has ",
          "type": "PlainText",
        },
        {
          "content": [
            {
              "content": "bold",
              "type": "PlainText",
            },
          ],
          "type": "ConstrainedBold",
        },
        {
          "content": ", ",
          "type": "PlainText",
        },
        {
          "content": [
            {
              "content": "italic",
              "type": "PlainText",
            },
          ],
          "type": "UnconstrainedItalic",
        },
        {
          "content": ", and ",
          "type": "PlainText",
        },
        {
          "content": "monospace",
          "type": "MonospaceText",
        },
        {
          "content": "text.",
          "type": "PlainText",
        },
      ],
      "type": "Paragraph",
    },
  ],
  "type": "Document",
}
`;
